This is pdfTeX, Version 3.141592653-2.6-1.40.26 (TeX Live 2024/Arch Linux) (preloaded format=pdflatex 2024.11.15)  3 FEB 2025 09:19
entering extended mode
 restricted \write18 enabled.
 %&-line parsing enabled.
**main.tex
(./main.tex
LaTeX2e <2023-11-01> patch level 1
L3 programming layer <2024-02-20>
(/usr/share/texmf-dist/tex/latex/base/article.cls
Document Class: article 2023/05/17 v1.4n Standard LaTeX document class
(/usr/share/texmf-dist/tex/latex/base/size10.clo
File: size10.clo 2023/05/17 v1.4n Standard LaTeX file (size option)
)
\c@part=\count188
\c@section=\count189
\c@subsection=\count190
\c@subsubsection=\count191
\c@paragraph=\count192
\c@subparagraph=\count193
\c@figure=\count194
\c@table=\count195
\abovecaptionskip=\skip48
\belowcaptionskip=\skip49
\bibindent=\dimen140
)
(./tccml_iclr2025_conference.sty
(/usr/share/texmf-dist/tex/latex/eso-pic/eso-pic.sty
Package: eso-pic 2023/05/03 v3.0c eso-pic (RN)
\ESO@tempdima=\dimen141
\ESO@tempdimb=\dimen142

(/usr/share/texmf-dist/tex/latex/graphics/keyval.sty
Package: keyval 2022/05/29 v1.15 key=value parser (DPC)
\KV@toks@=\toks17
)
(/usr/share/texmf-dist/tex/latex/xcolor/xcolor.sty
Package: xcolor 2023/11/15 v3.01 LaTeX color extensions (UK)

(/usr/share/texmf-dist/tex/latex/graphics-cfg/color.cfg
File: color.cfg 2016/01/02 v1.6 sample color configuration
)
Package xcolor Info: Driver file: pdftex.def on input line 274.

(/usr/share/texmf-dist/tex/latex/graphics-def/pdftex.def
File: pdftex.def 2022/09/22 v1.2b Graphics/color driver for pdftex
)
(/usr/share/texmf-dist/tex/latex/graphics/mathcolor.ltx)
Package xcolor Info: Model `cmy' substituted by `cmy0' on input line 1350.
Package xcolor Info: Model `hsb' substituted by `rgb' on input line 1354.
Package xcolor Info: Model `RGB' extended on input line 1366.
Package xcolor Info: Model `HTML' substituted by `rgb' on input line 1368.
Package xcolor Info: Model `Hsb' substituted by `hsb' on input line 1369.
Package xcolor Info: Model `tHsb' substituted by `hsb' on input line 1370.
Package xcolor Info: Model `HSB' substituted by `hsb' on input line 1371.
Package xcolor Info: Model `Gray' substituted by `gray' on input line 1372.
Package xcolor Info: Model `wave' substituted by `hsb' on input line 1373.
))
(/usr/share/texmf-dist/tex/latex/fancyhdr/fancyhdr.sty
Package: fancyhdr 2022/11/09 v4.1 Extensive control of page headers and footers

\f@nch@headwidth=\skip50
\f@nch@O@elh=\skip51
\f@nch@O@erh=\skip52
\f@nch@O@olh=\skip53
\f@nch@O@orh=\skip54
\f@nch@O@elf=\skip55
\f@nch@O@erf=\skip56
\f@nch@O@olf=\skip57
\f@nch@O@orf=\skip58
)
(/usr/share/texmf-dist/tex/latex/natbib/natbib.sty
Package: natbib 2010/09/13 8.31b (PWD, AO)
\bibhang=\skip59
\bibsep=\skip60
LaTeX Info: Redefining \cite on input line 694.
\c@NAT@ctr=\count196
)
\iclrrulerbox=\box51
\iclrrulercount=\count197
\iclrruleroffset=\dimen143
\cv@lineheight=\dimen144
\cv@boxheight=\dimen145
\cv@tmpbox=\box52
\cv@refno=\count198
\cv@tot=\count199
\cv@tmpc@=\count266
\cv@tmpc=\count267
)
(/usr/share/texmf-dist/tex/latex/graphics/graphicx.sty
Package: graphicx 2021/09/16 v1.2d Enhanced LaTeX Graphics (DPC,SPQR)

(/usr/share/texmf-dist/tex/latex/graphics/graphics.sty
Package: graphics 2022/03/10 v1.4e Standard LaTeX Graphics (DPC,SPQR)

(/usr/share/texmf-dist/tex/latex/graphics/trig.sty
Package: trig 2021/08/11 v1.11 sin cos tan (DPC)
)
(/usr/share/texmf-dist/tex/latex/graphics-cfg/graphics.cfg
File: graphics.cfg 2016/06/04 v1.11 sample graphics configuration
)
Package graphics Info: Driver file: pdftex.def on input line 107.
)
\Gin@req@height=\dimen146
\Gin@req@width=\dimen147
)
(/usr/share/texmf-dist/tex/latex/url/url.sty
\Urlmuskip=\muskip16
Package: url 2013/09/16  ver 3.4  Verb mode for urls, etc.
)
(/usr/share/texmf-dist/tex/latex/caption/caption.sty
Package: caption 2023/08/05 v3.6o Customizing captions (AR)

(/usr/share/texmf-dist/tex/latex/caption/caption3.sty
Package: caption3 2023/07/31 v2.4d caption3 kernel (AR)
\caption@tempdima=\dimen148
\captionmargin=\dimen149
\caption@leftmargin=\dimen150
\caption@rightmargin=\dimen151
\caption@width=\dimen152
\caption@indent=\dimen153
\caption@parindent=\dimen154
\caption@hangindent=\dimen155
Package caption Info: Standard document class detected.
)
\c@caption@flags=\count268
\c@continuedfloat=\count269
)
(/usr/share/texmf-dist/tex/latex/hyperref/hyperref.sty
Package: hyperref 2024-01-20 v7.01h Hypertext links for LaTeX

(/usr/share/texmf-dist/tex/generic/iftex/iftex.sty
Package: iftex 2022/02/03 v1.0f TeX engine tests
)
(/usr/share/texmf-dist/tex/latex/kvsetkeys/kvsetkeys.sty
Package: kvsetkeys 2022-10-05 v1.19 Key value parser (HO)
)
(/usr/share/texmf-dist/tex/generic/kvdefinekeys/kvdefinekeys.sty
Package: kvdefinekeys 2019-12-19 v1.6 Define keys (HO)
)
(/usr/share/texmf-dist/tex/generic/pdfescape/pdfescape.sty
Package: pdfescape 2019/12/09 v1.15 Implements pdfTeX's escape features (HO)

(/usr/share/texmf-dist/tex/generic/ltxcmds/ltxcmds.sty
Package: ltxcmds 2023-12-04 v1.26 LaTeX kernel commands for general use (HO)
)
(/usr/share/texmf-dist/tex/generic/pdftexcmds/pdftexcmds.sty
Package: pdftexcmds 2020-06-27 v0.33 Utility functions of pdfTeX for LuaTeX (HO
)

(/usr/share/texmf-dist/tex/generic/infwarerr/infwarerr.sty
Package: infwarerr 2019/12/03 v1.5 Providing info/warning/error messages (HO)
)
Package pdftexcmds Info: \pdf@primitive is available.
Package pdftexcmds Info: \pdf@ifprimitive is available.
Package pdftexcmds Info: \pdfdraftmode found.
))
(/usr/share/texmf-dist/tex/latex/hycolor/hycolor.sty
Package: hycolor 2020-01-27 v1.10 Color options for hyperref/bookmark (HO)
)
(/usr/share/texmf-dist/tex/latex/auxhook/auxhook.sty
Package: auxhook 2019-12-17 v1.6 Hooks for auxiliary files (HO)
)
(/usr/share/texmf-dist/tex/latex/hyperref/nameref.sty
Package: nameref 2023-11-26 v2.56 Cross-referencing by name of section

(/usr/share/texmf-dist/tex/latex/refcount/refcount.sty
Package: refcount 2019/12/15 v3.6 Data extraction from label references (HO)
)
(/usr/share/texmf-dist/tex/generic/gettitlestring/gettitlestring.sty
Package: gettitlestring 2019/12/15 v1.6 Cleanup title references (HO)

(/usr/share/texmf-dist/tex/latex/kvoptions/kvoptions.sty
Package: kvoptions 2022-06-15 v3.15 Key value format for package options (HO)
))
\c@section@level=\count270
)
(/usr/share/texmf-dist/tex/latex/etoolbox/etoolbox.sty
Package: etoolbox 2020/10/05 v2.5k e-TeX tools for LaTeX (JAW)
\etb@tempcnta=\count271
)
\@linkdim=\dimen156
\Hy@linkcounter=\count272
\Hy@pagecounter=\count273

(/usr/share/texmf-dist/tex/latex/hyperref/pd1enc.def
File: pd1enc.def 2024-01-20 v7.01h Hyperref: PDFDocEncoding definition (HO)
Now handling font encoding PD1 ...
... no UTF-8 mapping file for font encoding PD1
)
(/usr/share/texmf-dist/tex/generic/intcalc/intcalc.sty
Package: intcalc 2019/12/15 v1.3 Expandable calculations with integers (HO)
)
\Hy@SavedSpaceFactor=\count274

(/usr/share/texmf-dist/tex/latex/hyperref/puenc.def
File: puenc.def 2024-01-20 v7.01h Hyperref: PDF Unicode definition (HO)
Now handling font encoding PU ...
... no UTF-8 mapping file for font encoding PU
)
Package hyperref Info: Hyper figures OFF on input line 4179.
Package hyperref Info: Link nesting OFF on input line 4184.
Package hyperref Info: Hyper index ON on input line 4187.
Package hyperref Info: Plain pages OFF on input line 4194.
Package hyperref Info: Backreferencing OFF on input line 4199.
Package hyperref Info: Implicit mode ON; LaTeX internals redefined.
Package hyperref Info: Bookmarks ON on input line 4446.
\c@Hy@tempcnt=\count275
LaTeX Info: Redefining \url on input line 4784.
\XeTeXLinkMargin=\dimen157

(/usr/share/texmf-dist/tex/generic/bitset/bitset.sty
Package: bitset 2019/12/09 v1.3 Handle bit-vector datatype (HO)

(/usr/share/texmf-dist/tex/generic/bigintcalc/bigintcalc.sty
Package: bigintcalc 2019/12/15 v1.5 Expandable calculations on big integers (HO
)
))
\Fld@menulength=\count276
\Field@Width=\dimen158
\Fld@charsize=\dimen159
Package hyperref Info: Hyper figures OFF on input line 6063.
Package hyperref Info: Link nesting OFF on input line 6068.
Package hyperref Info: Hyper index ON on input line 6071.
Package hyperref Info: backreferencing OFF on input line 6078.
Package hyperref Info: Link coloring OFF on input line 6083.
Package hyperref Info: Link coloring with OCG OFF on input line 6088.
Package hyperref Info: PDF/A mode OFF on input line 6093.

(/usr/share/texmf-dist/tex/latex/base/atbegshi-ltx.sty
Package: atbegshi-ltx 2021/01/10 v1.0c Emulation of the original atbegshi
package with kernel methods
)
\Hy@abspage=\count277
\c@Item=\count278
\c@Hfootnote=\count279
)
Package hyperref Info: Driver (autodetected): hpdftex.

(/usr/share/texmf-dist/tex/latex/hyperref/hpdftex.def
File: hpdftex.def 2024-01-20 v7.01h Hyperref driver for pdfTeX

(/usr/share/texmf-dist/tex/latex/base/atveryend-ltx.sty
Package: atveryend-ltx 2020/08/19 v1.0a Emulation of the original atveryend pac
kage
with kernel methods
)
\Fld@listcount=\count280
\c@bookmark@seq@number=\count281

(/usr/share/texmf-dist/tex/latex/rerunfilecheck/rerunfilecheck.sty
Package: rerunfilecheck 2022-07-10 v1.10 Rerun checks for auxiliary files (HO)

(/usr/share/texmf-dist/tex/generic/uniquecounter/uniquecounter.sty
Package: uniquecounter 2019/12/15 v1.4 Provide unlimited unique counter (HO)
)
Package uniquecounter Info: New unique counter `rerunfilecheck' on input line 2
85.
)
\Hy@SectionHShift=\skip61
)
(/usr/share/texmf-dist/tex/latex/amsmath/amsmath.sty
Package: amsmath 2023/05/13 v2.17o AMS math features
\@mathmargin=\skip62

For additional information on amsmath, use the `?' option.
(/usr/share/texmf-dist/tex/latex/amsmath/amstext.sty
Package: amstext 2021/08/26 v2.01 AMS text

(/usr/share/texmf-dist/tex/latex/amsmath/amsgen.sty
File: amsgen.sty 1999/11/30 v2.0 generic functions
\@emptytoks=\toks18
\ex@=\dimen160
))
(/usr/share/texmf-dist/tex/latex/amsmath/amsbsy.sty
Package: amsbsy 1999/11/29 v1.2d Bold Symbols
\pmbraise@=\dimen161
)
(/usr/share/texmf-dist/tex/latex/amsmath/amsopn.sty
Package: amsopn 2022/04/08 v2.04 operator names
)
\inf@bad=\count282
LaTeX Info: Redefining \frac on input line 234.
\uproot@=\count283
\leftroot@=\count284
LaTeX Info: Redefining \overline on input line 399.
LaTeX Info: Redefining \colon on input line 410.
\classnum@=\count285
\DOTSCASE@=\count286
LaTeX Info: Redefining \ldots on input line 496.
LaTeX Info: Redefining \dots on input line 499.
LaTeX Info: Redefining \cdots on input line 620.
\Mathstrutbox@=\box53
\strutbox@=\box54
LaTeX Info: Redefining \big on input line 722.
LaTeX Info: Redefining \Big on input line 723.
LaTeX Info: Redefining \bigg on input line 724.
LaTeX Info: Redefining \Bigg on input line 725.
\big@size=\dimen162
LaTeX Font Info:    Redeclaring font encoding OML on input line 743.
LaTeX Font Info:    Redeclaring font encoding OMS on input line 744.
\macc@depth=\count287
LaTeX Info: Redefining \bmod on input line 905.
LaTeX Info: Redefining \pmod on input line 910.
LaTeX Info: Redefining \smash on input line 940.
LaTeX Info: Redefining \relbar on input line 970.
LaTeX Info: Redefining \Relbar on input line 971.
\c@MaxMatrixCols=\count288
\dotsspace@=\muskip17
\c@parentequation=\count289
\dspbrk@lvl=\count290
\tag@help=\toks19
\row@=\count291
\column@=\count292
\maxfields@=\count293
\andhelp@=\toks20
\eqnshift@=\dimen163
\alignsep@=\dimen164
\tagshift@=\dimen165
\tagwidth@=\dimen166
\totwidth@=\dimen167
\lineht@=\dimen168
\@envbody=\toks21
\multlinegap=\skip63
\multlinetaggap=\skip64
\mathdisplay@stack=\toks22
LaTeX Info: Redefining \[ on input line 2953.
LaTeX Info: Redefining \] on input line 2954.
)
(/usr/share/texmf-dist/tex/latex/colortbl/colortbl.sty
Package: colortbl 2024/02/20 v1.0g Color table columns (DPC)

(/usr/share/texmf-dist/tex/latex/tools/array.sty
Package: array 2023/10/16 v2.5g Tabular extension package (FMi)
\col@sep=\dimen169
\ar@mcellbox=\box55
\extrarowheight=\dimen170
\NC@list=\toks23
\extratabsurround=\skip65
\backup@length=\skip66
\ar@cellbox=\box56
)
\everycr=\toks24
\minrowclearance=\skip67
\rownum=\count294
)
(/usr/share/texmf-dist/tex/latex/todonotes/todonotes.sty
Package: todonotes 2024/01/05 v1.1.7 Todonotes source and documentation.
Package: todonotes 2024/01/05

(/usr/share/texmf-dist/tex/latex/base/ifthen.sty
Package: ifthen 2022/04/13 v1.1d Standard LaTeX ifthen package (DPC)
)
(/usr/share/texmf-dist/tex/latex/xkeyval/xkeyval.sty
Package: xkeyval 2022/06/16 v2.9 package option processing (HA)

(/usr/share/texmf-dist/tex/generic/xkeyval/xkeyval.tex
(/usr/share/texmf-dist/tex/generic/xkeyval/xkvutils.tex
\XKV@toks=\toks25
\XKV@tempa@toks=\toks26
)
\XKV@depth=\count295
File: xkeyval.tex 2014/12/03 v2.7a key=value parser (HA)
))
(/usr/share/texmf-dist/tex/latex/pgf/frontendlayer/tikz.sty
(/usr/share/texmf-dist/tex/latex/pgf/basiclayer/pgf.sty
(/usr/share/texmf-dist/tex/latex/pgf/utilities/pgfrcs.sty
(/usr/share/texmf-dist/tex/generic/pgf/utilities/pgfutil-common.tex
\pgfutil@everybye=\toks27
\pgfutil@tempdima=\dimen171
\pgfutil@tempdimb=\dimen172
)
(/usr/share/texmf-dist/tex/generic/pgf/utilities/pgfutil-latex.def
\pgfutil@abb=\box57
)
(/usr/share/texmf-dist/tex/generic/pgf/utilities/pgfrcs.code.tex
(/usr/share/texmf-dist/tex/generic/pgf/pgf.revision.tex)
Package: pgfrcs 2023-01-15 v3.1.10 (3.1.10)
))
Package: pgf 2023-01-15 v3.1.10 (3.1.10)

(/usr/share/texmf-dist/tex/latex/pgf/basiclayer/pgfcore.sty
(/usr/share/texmf-dist/tex/latex/pgf/systemlayer/pgfsys.sty
(/usr/share/texmf-dist/tex/generic/pgf/systemlayer/pgfsys.code.tex
Package: pgfsys 2023-01-15 v3.1.10 (3.1.10)

(/usr/share/texmf-dist/tex/generic/pgf/utilities/pgfkeys.code.tex
\pgfkeys@pathtoks=\toks28
\pgfkeys@temptoks=\toks29

(/usr/share/texmf-dist/tex/generic/pgf/utilities/pgfkeyslibraryfiltered.code.te
x
\pgfkeys@tmptoks=\toks30
))
\pgf@x=\dimen173
\pgf@y=\dimen174
\pgf@xa=\dimen175
\pgf@ya=\dimen176
\pgf@xb=\dimen177
\pgf@yb=\dimen178
\pgf@xc=\dimen179
\pgf@yc=\dimen180
\pgf@xd=\dimen181
\pgf@yd=\dimen182
\w@pgf@writea=\write3
\r@pgf@reada=\read2
\c@pgf@counta=\count296
\c@pgf@countb=\count297
\c@pgf@countc=\count298
\c@pgf@countd=\count299
\t@pgf@toka=\toks31
\t@pgf@tokb=\toks32
\t@pgf@tokc=\toks33
\pgf@sys@id@count=\count300
 (/usr/share/texmf-dist/tex/generic/pgf/systemlayer/pgf.cfg
File: pgf.cfg 2023-01-15 v3.1.10 (3.1.10)
)
Driver file for pgf: pgfsys-pdftex.def

(/usr/share/texmf-dist/tex/generic/pgf/systemlayer/pgfsys-pdftex.def
File: pgfsys-pdftex.def 2023-01-15 v3.1.10 (3.1.10)

(/usr/share/texmf-dist/tex/generic/pgf/systemlayer/pgfsys-common-pdf.def
File: pgfsys-common-pdf.def 2023-01-15 v3.1.10 (3.1.10)
)))
(/usr/share/texmf-dist/tex/generic/pgf/systemlayer/pgfsyssoftpath.code.tex
File: pgfsyssoftpath.code.tex 2023-01-15 v3.1.10 (3.1.10)
\pgfsyssoftpath@smallbuffer@items=\count301
\pgfsyssoftpath@bigbuffer@items=\count302
)
(/usr/share/texmf-dist/tex/generic/pgf/systemlayer/pgfsysprotocol.code.tex
File: pgfsysprotocol.code.tex 2023-01-15 v3.1.10 (3.1.10)
))
(/usr/share/texmf-dist/tex/generic/pgf/basiclayer/pgfcore.code.tex
Package: pgfcore 2023-01-15 v3.1.10 (3.1.10)

(/usr/share/texmf-dist/tex/generic/pgf/math/pgfmath.code.tex
(/usr/share/texmf-dist/tex/generic/pgf/math/pgfmathutil.code.tex)
(/usr/share/texmf-dist/tex/generic/pgf/math/pgfmathparser.code.tex
\pgfmath@dimen=\dimen183
\pgfmath@count=\count303
\pgfmath@box=\box58
\pgfmath@toks=\toks34
\pgfmath@stack@operand=\toks35
\pgfmath@stack@operation=\toks36
)
(/usr/share/texmf-dist/tex/generic/pgf/math/pgfmathfunctions.code.tex)
(/usr/share/texmf-dist/tex/generic/pgf/math/pgfmathfunctions.basic.code.tex)
(/usr/share/texmf-dist/tex/generic/pgf/math/pgfmathfunctions.trigonometric.code
.tex)
(/usr/share/texmf-dist/tex/generic/pgf/math/pgfmathfunctions.random.code.tex)
(/usr/share/texmf-dist/tex/generic/pgf/math/pgfmathfunctions.comparison.code.te
x) (/usr/share/texmf-dist/tex/generic/pgf/math/pgfmathfunctions.base.code.tex)
(/usr/share/texmf-dist/tex/generic/pgf/math/pgfmathfunctions.round.code.tex)
(/usr/share/texmf-dist/tex/generic/pgf/math/pgfmathfunctions.misc.code.tex)
(/usr/share/texmf-dist/tex/generic/pgf/math/pgfmathfunctions.integerarithmetics
.code.tex) (/usr/share/texmf-dist/tex/generic/pgf/math/pgfmathcalc.code.tex)
(/usr/share/texmf-dist/tex/generic/pgf/math/pgfmathfloat.code.tex
\c@pgfmathroundto@lastzeros=\count304
))
(/usr/share/texmf-dist/tex/generic/pgf/math/pgfint.code.tex)
(/usr/share/texmf-dist/tex/generic/pgf/basiclayer/pgfcorepoints.code.tex
File: pgfcorepoints.code.tex 2023-01-15 v3.1.10 (3.1.10)
\pgf@picminx=\dimen184
\pgf@picmaxx=\dimen185
\pgf@picminy=\dimen186
\pgf@picmaxy=\dimen187
\pgf@pathminx=\dimen188
\pgf@pathmaxx=\dimen189
\pgf@pathminy=\dimen190
\pgf@pathmaxy=\dimen191
\pgf@xx=\dimen192
\pgf@xy=\dimen193
\pgf@yx=\dimen194
\pgf@yy=\dimen195
\pgf@zx=\dimen196
\pgf@zy=\dimen197
)
(/usr/share/texmf-dist/tex/generic/pgf/basiclayer/pgfcorepathconstruct.code.tex
File: pgfcorepathconstruct.code.tex 2023-01-15 v3.1.10 (3.1.10)
\pgf@path@lastx=\dimen198
\pgf@path@lasty=\dimen199
) (/usr/share/texmf-dist/tex/generic/pgf/basiclayer/pgfcorepathusage.code.tex
File: pgfcorepathusage.code.tex 2023-01-15 v3.1.10 (3.1.10)
\pgf@shorten@end@additional=\dimen256
\pgf@shorten@start@additional=\dimen257
)
(/usr/share/texmf-dist/tex/generic/pgf/basiclayer/pgfcorescopes.code.tex
File: pgfcorescopes.code.tex 2023-01-15 v3.1.10 (3.1.10)
\pgfpic=\box59
\pgf@hbox=\box60
\pgf@layerbox@main=\box61
\pgf@picture@serial@count=\count305
)
(/usr/share/texmf-dist/tex/generic/pgf/basiclayer/pgfcoregraphicstate.code.tex
File: pgfcoregraphicstate.code.tex 2023-01-15 v3.1.10 (3.1.10)
\pgflinewidth=\dimen258
)
(/usr/share/texmf-dist/tex/generic/pgf/basiclayer/pgfcoretransformations.code.t
ex
File: pgfcoretransformations.code.tex 2023-01-15 v3.1.10 (3.1.10)
\pgf@pt@x=\dimen259
\pgf@pt@y=\dimen260
\pgf@pt@temp=\dimen261
) (/usr/share/texmf-dist/tex/generic/pgf/basiclayer/pgfcorequick.code.tex
File: pgfcorequick.code.tex 2023-01-15 v3.1.10 (3.1.10)
)
(/usr/share/texmf-dist/tex/generic/pgf/basiclayer/pgfcoreobjects.code.tex
File: pgfcoreobjects.code.tex 2023-01-15 v3.1.10 (3.1.10)
)
(/usr/share/texmf-dist/tex/generic/pgf/basiclayer/pgfcorepathprocessing.code.te
x
File: pgfcorepathprocessing.code.tex 2023-01-15 v3.1.10 (3.1.10)
) (/usr/share/texmf-dist/tex/generic/pgf/basiclayer/pgfcorearrows.code.tex
File: pgfcorearrows.code.tex 2023-01-15 v3.1.10 (3.1.10)
\pgfarrowsep=\dimen262
)
(/usr/share/texmf-dist/tex/generic/pgf/basiclayer/pgfcoreshade.code.tex
File: pgfcoreshade.code.tex 2023-01-15 v3.1.10 (3.1.10)
\pgf@max=\dimen263
\pgf@sys@shading@range@num=\count306
\pgf@shadingcount=\count307
)
(/usr/share/texmf-dist/tex/generic/pgf/basiclayer/pgfcoreimage.code.tex
File: pgfcoreimage.code.tex 2023-01-15 v3.1.10 (3.1.10)
)
(/usr/share/texmf-dist/tex/generic/pgf/basiclayer/pgfcoreexternal.code.tex
File: pgfcoreexternal.code.tex 2023-01-15 v3.1.10 (3.1.10)
\pgfexternal@startupbox=\box62
)
(/usr/share/texmf-dist/tex/generic/pgf/basiclayer/pgfcorelayers.code.tex
File: pgfcorelayers.code.tex 2023-01-15 v3.1.10 (3.1.10)
)
(/usr/share/texmf-dist/tex/generic/pgf/basiclayer/pgfcoretransparency.code.tex
File: pgfcoretransparency.code.tex 2023-01-15 v3.1.10 (3.1.10)
) (/usr/share/texmf-dist/tex/generic/pgf/basiclayer/pgfcorepatterns.code.tex
File: pgfcorepatterns.code.tex 2023-01-15 v3.1.10 (3.1.10)
)
(/usr/share/texmf-dist/tex/generic/pgf/basiclayer/pgfcorerdf.code.tex
File: pgfcorerdf.code.tex 2023-01-15 v3.1.10 (3.1.10)
)))
(/usr/share/texmf-dist/tex/generic/pgf/modules/pgfmoduleshapes.code.tex
File: pgfmoduleshapes.code.tex 2023-01-15 v3.1.10 (3.1.10)
\pgfnodeparttextbox=\box63
)
(/usr/share/texmf-dist/tex/generic/pgf/modules/pgfmoduleplot.code.tex
File: pgfmoduleplot.code.tex 2023-01-15 v3.1.10 (3.1.10)
)
(/usr/share/texmf-dist/tex/latex/pgf/compatibility/pgfcomp-version-0-65.sty
Package: pgfcomp-version-0-65 2023-01-15 v3.1.10 (3.1.10)
\pgf@nodesepstart=\dimen264
\pgf@nodesepend=\dimen265
)
(/usr/share/texmf-dist/tex/latex/pgf/compatibility/pgfcomp-version-1-18.sty
Package: pgfcomp-version-1-18 2023-01-15 v3.1.10 (3.1.10)
))
(/usr/share/texmf-dist/tex/latex/pgf/utilities/pgffor.sty
(/usr/share/texmf-dist/tex/latex/pgf/utilities/pgfkeys.sty
(/usr/share/texmf-dist/tex/generic/pgf/utilities/pgfkeys.code.tex))
(/usr/share/texmf-dist/tex/latex/pgf/math/pgfmath.sty
(/usr/share/texmf-dist/tex/generic/pgf/math/pgfmath.code.tex))
(/usr/share/texmf-dist/tex/generic/pgf/utilities/pgffor.code.tex
Package: pgffor 2023-01-15 v3.1.10 (3.1.10)
\pgffor@iter=\dimen266
\pgffor@skip=\dimen267
\pgffor@stack=\toks37
\pgffor@toks=\toks38
))
(/usr/share/texmf-dist/tex/generic/pgf/frontendlayer/tikz/tikz.code.tex
Package: tikz 2023-01-15 v3.1.10 (3.1.10)

(/usr/share/texmf-dist/tex/generic/pgf/libraries/pgflibraryplothandlers.code.te
x
File: pgflibraryplothandlers.code.tex 2023-01-15 v3.1.10 (3.1.10)
\pgf@plot@mark@count=\count308
\pgfplotmarksize=\dimen268
)
\tikz@lastx=\dimen269
\tikz@lasty=\dimen270
\tikz@lastxsaved=\dimen271
\tikz@lastysaved=\dimen272
\tikz@lastmovetox=\dimen273
\tikz@lastmovetoy=\dimen274
\tikzleveldistance=\dimen275
\tikzsiblingdistance=\dimen276
\tikz@figbox=\box64
\tikz@figbox@bg=\box65
\tikz@tempbox=\box66
\tikz@tempbox@bg=\box67
\tikztreelevel=\count309
\tikznumberofchildren=\count310
\tikznumberofcurrentchild=\count311
\tikz@fig@count=\count312
 (/usr/share/texmf-dist/tex/generic/pgf/modules/pgfmodulematrix.code.tex
File: pgfmodulematrix.code.tex 2023-01-15 v3.1.10 (3.1.10)
\pgfmatrixcurrentrow=\count313
\pgfmatrixcurrentcolumn=\count314
\pgf@matrix@numberofcolumns=\count315
)
\tikz@expandcount=\count316

(/usr/share/texmf-dist/tex/generic/pgf/frontendlayer/tikz/libraries/tikzlibrary
topaths.code.tex
File: tikzlibrarytopaths.code.tex 2023-01-15 v3.1.10 (3.1.10)
)))
(/usr/share/texmf-dist/tex/generic/pgf/frontendlayer/tikz/libraries/tikzlibrary
positioning.code.tex
File: tikzlibrarypositioning.code.tex 2023-01-15 v3.1.10 (3.1.10)
) (/usr/share/texmf-dist/tex/latex/tools/calc.sty
Package: calc 2023/07/08 v4.3 Infix arithmetic (KKT,FJ)
\calc@Acount=\count317
\calc@Bcount=\count318
\calc@Adimen=\dimen277
\calc@Bdimen=\dimen278
\calc@Askip=\skip68
\calc@Bskip=\skip69
LaTeX Info: Redefining \setlength on input line 80.
LaTeX Info: Redefining \addtolength on input line 81.
\calc@Ccount=\count319
\calc@Cskip=\skip70
)
\c@@todonotes@numberoftodonotes=\count320
)
(/usr/share/texmf-dist/tex/latex/l3backend/l3backend-pdftex.def
File: l3backend-pdftex.def 2024-02-20 L3 backend support: PDF output (pdfTeX)
\l__color_backend_stack_int=\count321
\l__pdf_internal_box=\box68
) (./main.aux)
\openout1 = `main.aux'.

LaTeX Font Info:    Checking defaults for OML/cmm/m/it on input line 27.
LaTeX Font Info:    ... okay on input line 27.
LaTeX Font Info:    Checking defaults for OMS/cmsy/m/n on input line 27.
LaTeX Font Info:    ... okay on input line 27.
LaTeX Font Info:    Checking defaults for OT1/cmr/m/n on input line 27.
LaTeX Font Info:    ... okay on input line 27.
LaTeX Font Info:    Checking defaults for T1/cmr/m/n on input line 27.
LaTeX Font Info:    ... okay on input line 27.
LaTeX Font Info:    Checking defaults for TS1/cmr/m/n on input line 27.
LaTeX Font Info:    ... okay on input line 27.
LaTeX Font Info:    Checking defaults for OMX/cmex/m/n on input line 27.
LaTeX Font Info:    ... okay on input line 27.
LaTeX Font Info:    Checking defaults for U/cmr/m/n on input line 27.
LaTeX Font Info:    ... okay on input line 27.
LaTeX Font Info:    Checking defaults for PD1/pdf/m/n on input line 27.
LaTeX Font Info:    ... okay on input line 27.
LaTeX Font Info:    Checking defaults for PU/pdf/m/n on input line 27.
LaTeX Font Info:    ... okay on input line 27.

(/usr/share/texmf-dist/tex/context/base/mkii/supp-pdf.mkii
[Loading MPS to PDF converter (version 2006.09.02).]
\scratchcounter=\count322
\scratchdimen=\dimen279
\scratchbox=\box69
\nofMPsegments=\count323
\nofMParguments=\count324
\everyMPshowfont=\toks39
\MPscratchCnt=\count325
\MPscratchDim=\dimen280
\MPnumerator=\count326
\makeMPintoPDFobject=\count327
\everyMPtoPDFconversion=\toks40
) (/usr/share/texmf-dist/tex/latex/epstopdf-pkg/epstopdf-base.sty
Package: epstopdf-base 2020-01-24 v2.11 Base part for package epstopdf
Package epstopdf-base Info: Redefining graphics rule for `.eps' on input line 4
85.

(/usr/share/texmf-dist/tex/latex/latexconfig/epstopdf-sys.cfg
File: epstopdf-sys.cfg 2010/07/13 v1.3 Configuration of (r)epstopdf for TeX Liv
e
))
Package caption Info: Begin \AtBeginDocument code.
Package caption Info: hyperref package is loaded.
Package caption Info: End \AtBeginDocument code.
Package hyperref Info: Link coloring OFF on input line 27.
 (./main.out)
(./main.out)
\@outlinefile=\write4
\openout4 = `main.out'.



Package todonotes Warning: The length marginparwidth is less than 2cm and will 
most likely cause issues with the appearance of inserted todonotes. The issue c
an be solved by adding a line like \setlength {\marginparwidth }{2cm} prior to 
loading the todonotes package. on input line 27.

Package hyperref Info: bookmark level for unknown todo defaults to 0 on input l
ine 30.

Overfull \hbox (33.69063pt too wide) in paragraph at lines 30--30
[][][]\OT1/cmr/m/n/10 remove 
 []


Overfull \hbox (38.59344pt too wide) in paragraph at lines 30--30
\OT1/cmr/m/n/10 (GOES) 
 []


Overfull \hbox (18.38507pt too wide) in paragraph at lines 30--30
\OT1/cmr/m/n/10 you 
 []


Overfull \hbox (16.16281pt too wide) in paragraph at lines 30--30
\OT1/cmr/m/n/10 de- 
 []


Overfull \hbox (18.38506pt too wide) in paragraph at lines 30--30
\OT1/cmr/m/n/10 fine 
 []


Overfull \hbox (11.16283pt too wide) in paragraph at lines 30--30
\OT1/cmr/m/n/10 in 
 []


Overfull \hbox (14.49615pt too wide) in paragraph at lines 30--30
\OT1/cmr/m/n/10 in- 
 []


Overfull \hbox (15.63506pt too wide) in paragraph at lines 30--30
\OT1/cmr/m/n/10 tro[]  
 []


Overfull \hbox (1.60654pt too wide) in paragraph at lines 30--30
[][][] 
 []


Overfull \hbox (33.69063pt too wide) in paragraph at lines 30--30
[][][]\OT1/cmr/m/n/10 remove 
 []


Overfull \hbox (38.59344pt too wide) in paragraph at lines 30--30
\OT1/cmr/m/n/10 (GOES) 
 []


Overfull \hbox (18.38507pt too wide) in paragraph at lines 30--30
\OT1/cmr/m/n/10 you 
 []


Overfull \hbox (16.16281pt too wide) in paragraph at lines 30--30
\OT1/cmr/m/n/10 de- 
 []


Overfull \hbox (18.38506pt too wide) in paragraph at lines 30--30
\OT1/cmr/m/n/10 fine 
 []


Overfull \hbox (11.16283pt too wide) in paragraph at lines 30--30
\OT1/cmr/m/n/10 in 
 []


Overfull \hbox (14.49615pt too wide) in paragraph at lines 30--30
\OT1/cmr/m/n/10 in- 
 []


Overfull \hbox (15.63506pt too wide) in paragraph at lines 30--30
\OT1/cmr/m/n/10 tro[]  
 []


Overfull \hbox (1.60654pt too wide) in paragraph at lines 30--30
[][][] 
 []


Overfull \hbox (48.46843pt too wide) in paragraph at lines 34--34
[][][]\OT1/cmr/m/n/10 'increased' 
 []


Overfull \hbox (22.3295pt too wide) in paragraph at lines 34--34
\OT1/cmr/m/n/10 used 
 []


Overfull \hbox (13.10728pt too wide) in paragraph at lines 34--34
\OT1/cmr/m/n/10 2x 
 []


Overfull \hbox (14.52391pt too wide) in paragraph at lines 34--34
\OT1/cmr/m/n/10 re- 
 []


Overfull \hbox (25.05173pt too wide) in paragraph at lines 34--34
\OT1/cmr/m/n/10 place 
 []


Overfull \hbox (22.27396pt too wide) in paragraph at lines 34--34
\OT1/cmr/m/n/10 with 
 []


Overfull \hbox (10.60727pt too wide) in paragraph at lines 34--34
\OT1/cmr/m/n/10 'a 
 []


Overfull \hbox (20.6906pt too wide) in paragraph at lines 34--34
\OT1/cmr/m/n/10 rise'[]  
 []


Overfull \hbox (1.60654pt too wide) in paragraph at lines 34--34
[][][] 
 []


Overfull \hbox (48.46843pt too wide) in paragraph at lines 34--34
[][][]\OT1/cmr/m/n/10 'increased' 
 []


Overfull \hbox (22.3295pt too wide) in paragraph at lines 34--34
\OT1/cmr/m/n/10 used 
 []


Overfull \hbox (13.10728pt too wide) in paragraph at lines 34--34
\OT1/cmr/m/n/10 2x 
 []


Overfull \hbox (14.52391pt too wide) in paragraph at lines 34--34
\OT1/cmr/m/n/10 re- 
 []


Overfull \hbox (25.05173pt too wide) in paragraph at lines 34--34
\OT1/cmr/m/n/10 place 
 []


Overfull \hbox (22.27396pt too wide) in paragraph at lines 34--34
\OT1/cmr/m/n/10 with 
 []


Overfull \hbox (10.60727pt too wide) in paragraph at lines 34--34
\OT1/cmr/m/n/10 'a 
 []


Overfull \hbox (20.6906pt too wide) in paragraph at lines 34--34
\OT1/cmr/m/n/10 rise'[]  
 []


Overfull \hbox (1.60654pt too wide) in paragraph at lines 34--34
[][][] 
 []


Overfull \hbox (38.10733pt too wide) in paragraph at lines 36--36
[][][]\OT1/cmr/m/n/10 mention 
 []


Overfull \hbox (22.30171pt too wide) in paragraph at lines 36--36
\OT1/cmr/m/n/10 real- 
 []


Overfull \hbox (22.27396pt too wide) in paragraph at lines 36--36
\OT1/cmr/m/n/10 time[]  
 []


Overfull \hbox (1.60654pt too wide) in paragraph at lines 36--36
[][][] 
 []


Overfull \hbox (38.10733pt too wide) in paragraph at lines 36--36
[][][]\OT1/cmr/m/n/10 mention 
 []


Overfull \hbox (22.30171pt too wide) in paragraph at lines 36--36
\OT1/cmr/m/n/10 real- 
 []


Overfull \hbox (22.27396pt too wide) in paragraph at lines 36--36
\OT1/cmr/m/n/10 time[]  
 []


Overfull \hbox (1.60654pt too wide) in paragraph at lines 36--36
[][][] 
 []

[1

{/var/lib/texmf/fonts/map/pdftex/updmap/pdftex.map}]
Overfull \hbox (46.49622pt too wide) in paragraph at lines 45--45
[][][]\OT1/cmr/m/n/10 multiscale 
 []


Overfull \hbox (17.27396pt too wide) in paragraph at lines 45--45
\OT1/cmr/m/n/10 not 
 []


Overfull \hbox (14.52391pt too wide) in paragraph at lines 45--45
\OT1/cmr/m/n/10 re- 
 []


Overfull \hbox (24.49619pt too wide) in paragraph at lines 45--45
\OT1/cmr/m/n/10 lated 
 []


Overfull \hbox (11.71838pt too wide) in paragraph at lines 45--45
\OT1/cmr/m/n/10 to 
 []


Overfull \hbox (25.07953pt too wide) in paragraph at lines 45--45
\OT1/cmr/m/n/10 vary- 
 []


Overfull \hbox (16.16284pt too wide) in paragraph at lines 45--45
\OT1/cmr/m/n/10 ing 
 []


Overfull \hbox (16.71838pt too wide) in paragraph at lines 45--45
\OT1/cmr/m/n/10 ap- 
 []


Overfull \hbox (25.35728pt too wide) in paragraph at lines 45--45
\OT1/cmr/m/n/10 pear- 
 []


Overfull \hbox (22.27394pt too wide) in paragraph at lines 45--45
\OT1/cmr/m/n/10 ance[]  
 []


Overfull \hbox (1.60654pt too wide) in paragraph at lines 45--45
[][][] 
 []


Overfull \hbox (46.49622pt too wide) in paragraph at lines 45--45
[][][]\OT1/cmr/m/n/10 multiscale 
 []


Overfull \hbox (17.27396pt too wide) in paragraph at lines 45--45
\OT1/cmr/m/n/10 not 
 []


Overfull \hbox (14.52391pt too wide) in paragraph at lines 45--45
\OT1/cmr/m/n/10 re- 
 []


Overfull \hbox (24.49619pt too wide) in paragraph at lines 45--45
\OT1/cmr/m/n/10 lated 
 []


Overfull \hbox (11.71838pt too wide) in paragraph at lines 45--45
\OT1/cmr/m/n/10 to 
 []


Overfull \hbox (25.07953pt too wide) in paragraph at lines 45--45
\OT1/cmr/m/n/10 vary- 
 []


Overfull \hbox (16.16284pt too wide) in paragraph at lines 45--45
\OT1/cmr/m/n/10 ing 
 []


Overfull \hbox (16.71838pt too wide) in paragraph at lines 45--45
\OT1/cmr/m/n/10 ap- 
 []


Overfull \hbox (25.35728pt too wide) in paragraph at lines 45--45
\OT1/cmr/m/n/10 pear- 
 []


Overfull \hbox (22.27394pt too wide) in paragraph at lines 45--45
\OT1/cmr/m/n/10 ance[]  
 []


Overfull \hbox (1.60654pt too wide) in paragraph at lines 45--45
[][][] 
 []


Overfull \hbox (15.60725pt too wide) in paragraph at lines 45--45
[][][]\OT1/cmr/m/n/10 1e- 
 []


Overfull \hbox (7.82948pt too wide) in paragraph at lines 45--45
\OT1/cmr/m/n/10 3[]  
 []


Overfull \hbox (1.60654pt too wide) in paragraph at lines 45--45
[][][] 
 []


Overfull \hbox (15.60725pt too wide) in paragraph at lines 45--45
[][][]\OT1/cmr/m/n/10 1e- 
 []


Overfull \hbox (7.82948pt too wide) in paragraph at lines 45--45
\OT1/cmr/m/n/10 3[]  
 []


Overfull \hbox (1.60654pt too wide) in paragraph at lines 45--45
[][][] 
 []


Overfull \hbox (28.38507pt too wide) in paragraph at lines 45--45
[][][]\OT1/cmr/m/n/10 define 
 []


Overfull \hbox (18.94061pt too wide) in paragraph at lines 45--45
\OT1/cmr/m/n/10 IoU 
 []


Overfull \hbox (21.1906pt too wide) in paragraph at lines 45--45
\OT1/cmr/m/n/10 here[]  
 []


Overfull \hbox (1.60654pt too wide) in paragraph at lines 45--45
[][][] 
 []


Overfull \hbox (28.38507pt too wide) in paragraph at lines 45--45
[][][]\OT1/cmr/m/n/10 define 
 []


Overfull \hbox (18.94061pt too wide) in paragraph at lines 45--45
\OT1/cmr/m/n/10 IoU 
 []


Overfull \hbox (21.1906pt too wide) in paragraph at lines 45--45
\OT1/cmr/m/n/10 here[]  
 []


Overfull \hbox (1.60654pt too wide) in paragraph at lines 45--45
[][][] 
 []


LaTeX Warning: Marginpar on page 2 moved.


LaTeX Warning: Marginpar on page 2 moved.


Overfull \hbox (18.38507pt too wide) in paragraph at lines 47--47
[][][]\OT1/cmr/m/n/10 you 
 []


Overfull \hbox (17.8295pt too wide) in paragraph at lines 47--47
\OT1/cmr/m/n/10 can 
 []


Overfull \hbox (14.52391pt too wide) in paragraph at lines 47--47
\OT1/cmr/m/n/10 re- 
 []


Overfull \hbox (25.32951pt too wide) in paragraph at lines 47--47
\OT1/cmr/m/n/10 move 
 []


Overfull \hbox (18.99617pt too wide) in paragraph at lines 47--47
\OT1/cmr/m/n/10 this 
 []


Overfull \hbox (20.10725pt too wide) in paragraph at lines 47--47
\OT1/cmr/m/n/10 sen- 
 []


Overfull \hbox (25.60727pt too wide) in paragraph at lines 47--47
\OT1/cmr/m/n/10 tence 
 []


Overfull \hbox (18.94063pt too wide) in paragraph at lines 47--47
\OT1/cmr/m/n/10 and 
 []


Overfull \hbox (19.27396pt too wide) in paragraph at lines 47--47
\OT1/cmr/m/n/10 just 
 []


Overfull \hbox (18.94063pt too wide) in paragraph at lines 47--47
\OT1/cmr/m/n/10 add 
 []


Overfull \hbox (16.71838pt too wide) in paragraph at lines 47--47
\OT1/cmr/m/n/10 the 
 []


Overfull \hbox (17.57948pt too wide) in paragraph at lines 47--47
\OT1/cmr/m/n/10 ref- 
 []


Overfull \hbox (14.52391pt too wide) in paragraph at lines 47--47
\OT1/cmr/m/n/10 er- 
 []


Overfull \hbox (21.71837pt too wide) in paragraph at lines 47--47
\OT1/cmr/m/n/10 ence 
 []


Overfull \hbox (11.71838pt too wide) in paragraph at lines 47--47
\OT1/cmr/m/n/10 to 
 []


Overfull \hbox (23.99619pt too wide) in paragraph at lines 47--47
\OT1/cmr/m/n/10 prior 
 []


Overfull \hbox (20.10725pt too wide) in paragraph at lines 47--47
\OT1/cmr/m/n/10 sen- 
 []


Overfull \hbox (25.60727pt too wide) in paragraph at lines 47--47
\OT1/cmr/m/n/10 tence 
 []


Overfull \hbox (11.71838pt too wide) in paragraph at lines 47--47
\OT1/cmr/m/n/10 to 
 []


Overfull \hbox (21.21838pt too wide) in paragraph at lines 47--47
\OT1/cmr/m/n/10 sup- 
 []


Overfull \hbox (21.46841pt too wide) in paragraph at lines 47--47
\OT1/cmr/m/n/10 port 
 []


Overfull \hbox (16.21838pt too wide) in paragraph at lines 47--47
\OT1/cmr/m/n/10 it's 
 []


Overfull \hbox (15.88506pt too wide) in paragraph at lines 47--47
\OT1/cmr/m/n/10 va- 
 []


Overfull \hbox (17.27394pt too wide) in paragraph at lines 47--47
\OT1/cmr/m/n/10 lid- 
 []


Overfull \hbox (14.49617pt too wide) in paragraph at lines 47--47
\OT1/cmr/m/n/10 ity[]  
 []


Overfull \hbox (1.60654pt too wide) in paragraph at lines 47--47
[][][] 
 []


Overfull \hbox (18.38507pt too wide) in paragraph at lines 47--47
[][][]\OT1/cmr/m/n/10 you 
 []


Overfull \hbox (17.8295pt too wide) in paragraph at lines 47--47
\OT1/cmr/m/n/10 can 
 []


Overfull \hbox (14.52391pt too wide) in paragraph at lines 47--47
\OT1/cmr/m/n/10 re- 
 []


Overfull \hbox (25.32951pt too wide) in paragraph at lines 47--47
\OT1/cmr/m/n/10 move 
 []


Overfull \hbox (18.99617pt too wide) in paragraph at lines 47--47
\OT1/cmr/m/n/10 this 
 []


Overfull \hbox (20.10725pt too wide) in paragraph at lines 47--47
\OT1/cmr/m/n/10 sen- 
 []


Overfull \hbox (25.60727pt too wide) in paragraph at lines 47--47
\OT1/cmr/m/n/10 tence 
 []


Overfull \hbox (18.94063pt too wide) in paragraph at lines 47--47
\OT1/cmr/m/n/10 and 
 []


Overfull \hbox (19.27396pt too wide) in paragraph at lines 47--47
\OT1/cmr/m/n/10 just 
 []


Overfull \hbox (18.94063pt too wide) in paragraph at lines 47--47
\OT1/cmr/m/n/10 add 
 []


Overfull \hbox (16.71838pt too wide) in paragraph at lines 47--47
\OT1/cmr/m/n/10 the 
 []


Overfull \hbox (17.57948pt too wide) in paragraph at lines 47--47
\OT1/cmr/m/n/10 ref- 
 []


Overfull \hbox (14.52391pt too wide) in paragraph at lines 47--47
\OT1/cmr/m/n/10 er- 
 []


Overfull \hbox (21.71837pt too wide) in paragraph at lines 47--47
\OT1/cmr/m/n/10 ence 
 []


Overfull \hbox (11.71838pt too wide) in paragraph at lines 47--47
\OT1/cmr/m/n/10 to 
 []


Overfull \hbox (23.99619pt too wide) in paragraph at lines 47--47
\OT1/cmr/m/n/10 prior 
 []


Overfull \hbox (20.10725pt too wide) in paragraph at lines 47--47
\OT1/cmr/m/n/10 sen- 
 []


Overfull \hbox (25.60727pt too wide) in paragraph at lines 47--47
\OT1/cmr/m/n/10 tence 
 []


Overfull \hbox (11.71838pt too wide) in paragraph at lines 47--47
\OT1/cmr/m/n/10 to 
 []


Overfull \hbox (21.21838pt too wide) in paragraph at lines 47--47
\OT1/cmr/m/n/10 sup- 
 []


Overfull \hbox (21.46841pt too wide) in paragraph at lines 47--47
\OT1/cmr/m/n/10 port 
 []


Overfull \hbox (16.21838pt too wide) in paragraph at lines 47--47
\OT1/cmr/m/n/10 it's 
 []


Overfull \hbox (15.88506pt too wide) in paragraph at lines 47--47
\OT1/cmr/m/n/10 va- 
 []


Overfull \hbox (17.27394pt too wide) in paragraph at lines 47--47
\OT1/cmr/m/n/10 lid- 
 []


Overfull \hbox (14.49617pt too wide) in paragraph at lines 47--47
\OT1/cmr/m/n/10 ity[]  
 []


Overfull \hbox (1.60654pt too wide) in paragraph at lines 47--47
[][][] 
 []


Overfull \hbox (20.05173pt too wide) in paragraph at lines 47--47
[][][]\OT1/cmr/m/n/10 give 
 []


Overfull \hbox (24.52396pt too wide) in paragraph at lines 47--47
\OT1/cmr/m/n/10 more 
 []


Overfull \hbox (19.21841pt too wide) in paragraph at lines 47--47
\OT1/cmr/m/n/10 info 
 []


Overfull \hbox (11.16283pt too wide) in paragraph at lines 47--47
\OT1/cmr/m/n/10 in 
 []


Overfull \hbox (16.71838pt too wide) in paragraph at lines 47--47
\OT1/cmr/m/n/10 the 
 []


Overfull \hbox (21.16283pt too wide) in paragraph at lines 47--47
\OT1/cmr/m/n/10 cap- 
 []


Overfull \hbox (20.05174pt too wide) in paragraph at lines 47--47
\OT1/cmr/m/n/10 tion[]  
 []


Overfull \hbox (1.60654pt too wide) in paragraph at lines 47--47
[][][] 
 []


Overfull \hbox (20.05173pt too wide) in paragraph at lines 47--47
[][][]\OT1/cmr/m/n/10 give 
 []


Overfull \hbox (24.52396pt too wide) in paragraph at lines 47--47
\OT1/cmr/m/n/10 more 
 []


Overfull \hbox (19.21841pt too wide) in paragraph at lines 47--47
\OT1/cmr/m/n/10 info 
 []


Overfull \hbox (11.16283pt too wide) in paragraph at lines 47--47
\OT1/cmr/m/n/10 in 
 []


Overfull \hbox (16.71838pt too wide) in paragraph at lines 47--47
\OT1/cmr/m/n/10 the 
 []


Overfull \hbox (21.16283pt too wide) in paragraph at lines 47--47
\OT1/cmr/m/n/10 cap- 
 []


Overfull \hbox (20.05174pt too wide) in paragraph at lines 47--47
\OT1/cmr/m/n/10 tion[]  
 []


Overfull \hbox (1.60654pt too wide) in paragraph at lines 47--47
[][][] 
 []


Overfull \hbox (26.71843pt too wide) in paragraph at lines 47--47
[][][]\OT1/cmr/m/n/10 many 
 []


Overfull \hbox (22.38503pt too wide) in paragraph at lines 47--47
\OT1/cmr/m/n/10 sizes 
 []


Overfull \hbox (9.5517pt too wide) in paragraph at lines 47--47
\OT1/cmr/m/n/10 is 
 []


Overfull \hbox (19.21841pt too wide) in paragraph at lines 47--47
\OT1/cmr/m/n/10 odd 
 []


Overfull \hbox (30.13507pt too wide) in paragraph at lines 47--47
\OT1/cmr/m/n/10 phras- 
 []


Overfull \hbox (18.94063pt too wide) in paragraph at lines 47--47
\OT1/cmr/m/n/10 ing, 
 []


Overfull \hbox (14.52391pt too wide) in paragraph at lines 47--47
\OT1/cmr/m/n/10 re- 
 []


Overfull \hbox (25.05173pt too wide) in paragraph at lines 47--47
\OT1/cmr/m/n/10 place 
 []


Overfull \hbox (22.27396pt too wide) in paragraph at lines 47--47
\OT1/cmr/m/n/10 with 
 []


Overfull \hbox (24.52399pt too wide) in paragraph at lines 47--47
\OT1/cmr/m/n/10 'vary 
 []


Overfull \hbox (16.71838pt too wide) in paragraph at lines 47--47
\OT1/cmr/m/n/10 the 
 []


Overfull \hbox (25.32951pt too wide) in paragraph at lines 47--47
\OT1/cmr/m/n/10 num- 
 []


Overfull \hbox (17.02394pt too wide) in paragraph at lines 47--47
\OT1/cmr/m/n/10 ber 
 []


Overfull \hbox (10.88506pt too wide) in paragraph at lines 47--47
\OT1/cmr/m/n/10 of 
 []


Overfull \hbox (16.16281pt too wide) in paragraph at lines 47--47
\OT1/cmr/m/n/10 en- 
 []


Overfull \hbox (22.88504pt too wide) in paragraph at lines 47--47
\OT1/cmr/m/n/10 sem- 
 []


Overfull \hbox (15.60727pt too wide) in paragraph at lines 47--47
\OT1/cmr/m/n/10 ble 
 []


Overfull \hbox (27.27396pt too wide) in paragraph at lines 47--47
\OT1/cmr/m/n/10 mem- 
 []


Overfull \hbox (23.74617pt too wide) in paragraph at lines 47--47
\OT1/cmr/m/n/10 bers'[]  
 []


Overfull \hbox (1.60654pt too wide) in paragraph at lines 47--47
[][][] 
 []


Overfull \hbox (26.71843pt too wide) in paragraph at lines 47--47
[][][]\OT1/cmr/m/n/10 many 
 []


Overfull \hbox (22.38503pt too wide) in paragraph at lines 47--47
\OT1/cmr/m/n/10 sizes 
 []


Overfull \hbox (9.5517pt too wide) in paragraph at lines 47--47
\OT1/cmr/m/n/10 is 
 []


Overfull \hbox (19.21841pt too wide) in paragraph at lines 47--47
\OT1/cmr/m/n/10 odd 
 []


Overfull \hbox (30.13507pt too wide) in paragraph at lines 47--47
\OT1/cmr/m/n/10 phras- 
 []


Overfull \hbox (18.94063pt too wide) in paragraph at lines 47--47
\OT1/cmr/m/n/10 ing, 
 []


Overfull \hbox (14.52391pt too wide) in paragraph at lines 47--47
\OT1/cmr/m/n/10 re- 
 []


Overfull \hbox (25.05173pt too wide) in paragraph at lines 47--47
\OT1/cmr/m/n/10 place 
 []


Overfull \hbox (22.27396pt too wide) in paragraph at lines 47--47
\OT1/cmr/m/n/10 with 
 []


Overfull \hbox (24.52399pt too wide) in paragraph at lines 47--47
\OT1/cmr/m/n/10 'vary 
 []


Overfull \hbox (16.71838pt too wide) in paragraph at lines 47--47
\OT1/cmr/m/n/10 the 
 []


Overfull \hbox (25.32951pt too wide) in paragraph at lines 47--47
\OT1/cmr/m/n/10 num- 
 []


Overfull \hbox (17.02394pt too wide) in paragraph at lines 47--47
\OT1/cmr/m/n/10 ber 
 []


Overfull \hbox (10.88506pt too wide) in paragraph at lines 47--47
\OT1/cmr/m/n/10 of 
 []


Overfull \hbox (16.16281pt too wide) in paragraph at lines 47--47
\OT1/cmr/m/n/10 en- 
 []


Overfull \hbox (22.88504pt too wide) in paragraph at lines 47--47
\OT1/cmr/m/n/10 sem- 
 []


Overfull \hbox (15.60727pt too wide) in paragraph at lines 47--47
\OT1/cmr/m/n/10 ble 
 []


Overfull \hbox (27.27396pt too wide) in paragraph at lines 47--47
\OT1/cmr/m/n/10 mem- 
 []


Overfull \hbox (23.74617pt too wide) in paragraph at lines 47--47
\OT1/cmr/m/n/10 bers'[]  
 []


Overfull \hbox (1.60654pt too wide) in paragraph at lines 47--47
[][][] 
 []

<ensemble_framework.png, id=69, 1282.03969pt x 573.64313pt>
File: ensemble_framework.png Graphic file (type png)
<use ensemble_framework.png>
Package pdftex.def Info: ensemble_framework.png  used on input line 50.
(pdftex.def)             Requested size: 278.23827pt x 124.49503pt.

LaTeX Warning: Marginpar on page 2 moved.


LaTeX Warning: Marginpar on page 2 moved.


LaTeX Warning: Marginpar on page 2 moved.


Overfull \hbox (34.80177pt too wide) in paragraph at lines 55--55
[][][]\OT1/cmr/m/n/10 already 
 []


Overfull \hbox (14.49615pt too wide) in paragraph at lines 55--55
\OT1/cmr/m/n/10 in- 
 []


Overfull \hbox (18.96838pt too wide) in paragraph at lines 55--55
\OT1/cmr/m/n/10 tro- 
 []


Overfull \hbox (28.38507pt too wide) in paragraph at lines 55--55
\OT1/cmr/m/n/10 duced 
 []


Overfull \hbox (18.94061pt too wide) in paragraph at lines 55--55
\OT1/cmr/m/n/10 IoU[]  
 []


Overfull \hbox (1.60654pt too wide) in paragraph at lines 55--55
[][][] 
 []


Overfull \hbox (34.80177pt too wide) in paragraph at lines 55--55
[][][]\OT1/cmr/m/n/10 already 
 []


Overfull \hbox (14.49615pt too wide) in paragraph at lines 55--55
\OT1/cmr/m/n/10 in- 
 []


Overfull \hbox (18.96838pt too wide) in paragraph at lines 55--55
\OT1/cmr/m/n/10 tro- 
 []


Overfull \hbox (28.38507pt too wide) in paragraph at lines 55--55
\OT1/cmr/m/n/10 duced 
 []


Overfull \hbox (18.94061pt too wide) in paragraph at lines 55--55
\OT1/cmr/m/n/10 IoU[]  
 []


Overfull \hbox (1.60654pt too wide) in paragraph at lines 55--55
[][][] 
 []


Overfull \hbox (45.41292pt too wide) in paragraph at lines 55--55
[][][]\OT1/cmr/m/n/10 variations 
 []


Overfull \hbox (11.16283pt too wide) in paragraph at lines 55--55
\OT1/cmr/m/n/10 in 
 []


Overfull \hbox (29.21843pt too wide) in paragraph at lines 55--55
\OT1/cmr/m/n/10 model 
 []


Overfull \hbox (20.10728pt too wide) in paragraph at lines 55--55
\OT1/cmr/m/n/10 bias[]  
 []


Overfull \hbox (1.60654pt too wide) in paragraph at lines 55--55
[][][] 
 []


Overfull \hbox (45.41292pt too wide) in paragraph at lines 55--55
[][][]\OT1/cmr/m/n/10 variations 
 []


Overfull \hbox (11.16283pt too wide) in paragraph at lines 55--55
\OT1/cmr/m/n/10 in 
 []


Overfull \hbox (29.21843pt too wide) in paragraph at lines 55--55
\OT1/cmr/m/n/10 model 
 []


Overfull \hbox (20.10728pt too wide) in paragraph at lines 55--55
\OT1/cmr/m/n/10 bias[]  
 []


Overfull \hbox (1.60654pt too wide) in paragraph at lines 55--55
[][][] 
 []


LaTeX Warning: Marginpar on page 2 moved.

[2 <./ensemble_framework.png>]
<ensemble_size_plot.png, id=112, 912.2883pt x 296.7888pt>
File: ensemble_size_plot.png Graphic file (type png)
<use ensemble_size_plot.png>
Package pdftex.def Info: ensemble_size_plot.png  used on input line 79.
(pdftex.def)             Requested size: 278.23827pt x 90.51366pt.
<ensemble_panel_tinypaper.png, id=113, 1166.6787pt x 292.2117pt>
File: ensemble_panel_tinypaper.png Graphic file (type png)
<use ensemble_panel_tinypaper.png>
Package pdftex.def Info: ensemble_panel_tinypaper.png  used on input line 85.
(pdftex.def)             Requested size: 357.73405pt x 89.59929pt.
 (./main.bbl [3 <./ensemble_size_plot.png> <./ensemble_panel_tinypaper.png>]
Underfull \hbox (badness 1983) in paragraph at lines 65--68
[]\OT1/cmr/m/n/10 Pavel Iakubovskii.  Seg-men-ta-tion mod-els py-torch.  []$\OT
1/cmtt/m/n/10 https : / / github . com / qubvel /
 []


Underfull \hbox (badness 1112) in paragraph at lines 100--104
\OT1/cmr/m/n/10 Unet++: A nested u-net ar-chi-tec-ture for med-i-cal im-age seg
-men-ta-tion.  \OT1/cmr/m/it/10 CoRR\OT1/cmr/m/n/10 ,
 []

) [4] (./main.aux)
 ***********
LaTeX2e <2023-11-01> patch level 1
L3 programming layer <2024-02-20>
 ***********
Package rerunfilecheck Info: File `main.out' has not changed.
(rerunfilecheck)             Checksum: 808022DC37F07870CF055B4465B95B69;497.
 ) 
Here is how much of TeX's memory you used:
 22524 strings out of 474963
 417154 string characters out of 5774094
 1968187 words of memory out of 5000000
 44415 multiletter control sequences out of 15000+600000
 561095 words of font info for 46 fonts, out of 8000000 for 9000
 725 hyphenation exceptions out of 8191
 99i,12n,101p,1525b,1027s stack positions out of 10000i,1000n,20000p,200000b,200000s
</usr/share/texmf-dist/fonts/type1/public/amsfonts/cm/cmbx10.pfb></usr/share/
texmf-dist/fonts/type1/public/amsfonts/cm/cmcsc10.pfb></usr/share/texmf-dist/fo
nts/type1/public/amsfonts/cm/cmex10.pfb></usr/share/texmf-dist/fonts/type1/publ
ic/amsfonts/cm/cmmi10.pfb></usr/share/texmf-dist/fonts/type1/public/amsfonts/cm
/cmmi7.pfb></usr/share/texmf-dist/fonts/type1/public/amsfonts/cm/cmr10.pfb></us
r/share/texmf-dist/fonts/type1/public/amsfonts/cm/cmr7.pfb></usr/share/texmf-di
st/fonts/type1/public/amsfonts/cm/cmsy10.pfb></usr/share/texmf-dist/fonts/type1
/public/amsfonts/cm/cmsy7.pfb></usr/share/texmf-dist/fonts/type1/public/amsfont
s/cm/cmti10.pfb></usr/share/texmf-dist/fonts/type1/public/amsfonts/cm/cmtt10.pf
b>
Output written on main.pdf (4 pages, 1553334 bytes).
PDF statistics:
 202 PDF objects out of 1000 (max. 8388607)
 162 compressed objects within 2 object streams
 40 named destinations out of 1000 (max. 500000)
 60 words of extra memory for PDF output out of 10000 (max. 10000000)

